{ "inputs": [ "A", "B", "E", "F", "C", "D" ],
  "outputs": [ "Y" ],
  "rows": 
   [ [ "1", "1", "1", "1", "1", "1", "0" ],
     [ "1", "1", "1", "1", "1", "0", "0" ],
     [ "1", "1", "1", "1", "0", "1", "0" ],
     [ "1", "1", "1", "1", "0", "0", "0" ],
     [ "1", "1", "1", "0", "1", "1", "0" ],
     [ "1", "1", "1", "0", "1", "0", "0" ],
     [ "1", "1", "1", "0", "0", "1", "0" ],
     [ "1", "1", "1", "0", "0", "0", "0" ],
     [ "1", "1", "0", "1", "1", "1", "0" ],
     [ "1", "1", "0", "1", "1", "0", "0" ],
     [ "1", "1", "0", "1", "0", "1", "0" ],
     [ "1", "1", "0", "1", "0", "0", "0" ],
     [ "1", "1", "0", "0", "1", "1", "0" ],
     [ "1", "1", "0", "0", "1", "0", "1" ],
     [ "1", "1", "0", "0", "0", "1", "1" ],
     [ "1", "1", "0", "0", "0", "0", "1" ],
     [ "1", "0", "1", "1", "1", "1", "0" ],
     [ "1", "0", "1", "1", "1", "0", "0" ],
     [ "1", "0", "1", "1", "0", "1", "0" ],
     [ "1", "0", "1", "1", "0", "0", "0" ],
     [ "1", "0", "1", "0", "1", "1", "0" ],
     [ "1", "0", "1", "0", "1", "0", "0" ],
     [ "1", "0", "1", "0", "0", "1", "0" ],
     [ "1", "0", "1", "0", "0", "0", "0" ],
     [ "1", "0", "0", "1", "1", "1", "0" ],
     [ "1", "0", "0", "1", "1", "0", "0" ],
     [ "1", "0", "0", "1", "0", "1", "0" ],
     [ "1", "0", "0", "1", "0", "0", "0" ],
     [ "1", "0", "0", "0", "1", "1", "0" ],
     [ "1", "0", "0", "0", "1", "0", "1" ],
     [ "1", "0", "0", "0", "0", "1", "1" ],
     [ "1", "0", "0", "0", "0", "0", "1" ],
     [ "0", "1", "1", "1", "1", "1", "0" ],
     [ "0", "1", "1", "1", "1", "0", "0" ],
     [ "0", "1", "1", "1", "0", "1", "0" ],
     [ "0", "1", "1", "1", "0", "0", "0" ],
     [ "0", "1", "1", "0", "1", "1", "0" ],
     [ "0", "1", "1", "0", "1", "0", "0" ],
     [ "0", "1", "1", "0", "0", "1", "0" ],
     [ "0", "1", "1", "0", "0", "0", "0" ],
     [ "0", "1", "0", "1", "1", "1", "0" ],
     [ "0", "1", "0", "1", "1", "0", "0" ],
     [ "0", "1", "0", "1", "0", "1", "0" ],
     [ "0", "1", "0", "1", "0", "0", "0" ],
     [ "0", "1", "0", "0", "1", "1", "0" ],
     [ "0", "1", "0", "0", "1", "0", "1" ],
     [ "0", "1", "0", "0", "0", "1", "1" ],
     [ "0", "1", "0", "0", "0", "0", "1" ],
     [ "0", "0", "1", "1", "1", "1", "0" ],
     [ "0", "0", "1", "1", "1", "0", "1" ],
     [ "0", "0", "1", "1", "0", "1", "1" ],
     [ "0", "0", "1", "1", "0", "0", "1" ],
     [ "0", "0", "1", "0", "1", "1", "0" ],
     [ "0", "0", "1", "0", "1", "0", "1" ],
     [ "0", "0", "1", "0", "0", "1", "1" ],
     [ "0", "0", "1", "0", "0", "0", "1" ],
     [ "0", "0", "0", "1", "1", "1", "0" ],
     [ "0", "0", "0", "1", "1", "0", "1" ],
     [ "0", "0", "0", "1", "0", "1", "1" ],
     [ "0", "0", "0", "1", "0", "0", "1" ],
     [ "0", "0", "0", "0", "1", "1", "0" ],
     [ "0", "0", "0", "0", "1", "0", "1" ],
     [ "0", "0", "0", "0", "0", "1", "1" ],
     [ "0", "0", "0", "0", "0", "0", "1" ] ] }