{ "inputs": [ "A", "B" ],
  "outputs": [ "Y" ],
  "rows": 
   [ [ "1", "1", "0" ],
     [ "1", "0", "1" ],
     [ "0", "1", "1" ],
     [ "0", "0", "1" ] ] }
