{ "inputs": [ "A" ],
  "outputs": [ "Y" ],
  "rows": [ [ "1", "0" ], [ "0", "1" ] ] }